This is pdfTeX, Version 3.141592653-2.6-1.40.29 (MiKTeX 26.2) (preloaded format=pdflatex.fmt)
 restricted \write18 enabled.
entering extended mode
(main.tex
LaTeX2e <2025-11-01>
L3 programming layer <2026-01-19>

(C:\Users\MohamedAmineRajayi\AppData\Local\Programs\MiKTeX\tex/latex/base\repor
t.cls
Document Class: report 2025/01/22 v1.4n Standard LaTeX document class

(C:\Users\MohamedAmineRajayi\AppData\Local\Programs\MiKTeX\tex/latex/base\size1
2.clo))
(C:\Users\MohamedAmineRajayi\AppData\Local\Programs\MiKTeX\tex/latex/base\input
enc.sty)
(C:\Users\MohamedAmineRajayi\AppData\Local\Programs\MiKTeX\tex/latex/base\fonte
nc.sty)
(C:\Users\MohamedAmineRajayi\AppData\Local\Programs\MiKTeX\tex/generic/babel\ba
bel.sty
(C:\Users\MohamedAmineRajayi\AppData\Local\Programs\MiKTeX\tex/generic/babel\tx
tbabel.def)
*************************************
* Local config file bblopts.cfg used
*

(C:\Users\MohamedAmineRajayi\AppData\Local\Programs\MiKTeX\tex/latex/arabi\bblo
pts.cfg)
(C:\Users\MohamedAmineRajayi\AppData\Local\Programs\MiKTeX\tex/generic/babel/lo
cale/fr\babel-french.tex)
(C:\Users\MohamedAmineRajayi\AppData\Local\Programs\MiKTeX\tex/generic/babel-fr
ench\french.ldf
(C:\Users\MohamedAmineRajayi\AppData\Local\Programs\MiKTeX\tex/generic/babel-fr
ench\french3.ldf)))
(C:\Users\MohamedAmineRajayi\AppData\Local\Programs\MiKTeX\tex/latex/carlisle\s
calefnt.sty)
(C:\Users\MohamedAmineRajayi\AppData\Local\Programs\MiKTeX\tex/latex/graphics\g
raphicx.sty
(C:\Users\MohamedAmineRajayi\AppData\Local\Programs\MiKTeX\tex/latex/graphics\k
eyval.sty)
(C:\Users\MohamedAmineRajayi\AppData\Local\Programs\MiKTeX\tex/latex/graphics\g
raphics.sty
(C:\Users\MohamedAmineRajayi\AppData\Local\Programs\MiKTeX\tex/latex/graphics\t
rig.sty)
(C:\Users\MohamedAmineRajayi\AppData\Local\Programs\MiKTeX\tex/latex/graphics-c
fg\graphics.cfg)
(C:\Users\MohamedAmineRajayi\AppData\Local\Programs\MiKTeX\tex/latex/graphics-d
ef\pdftex.def)))
(C:\Users\MohamedAmineRajayi\AppData\Local\Programs\MiKTeX\tex/latex/lm\lmodern
.sty)
(C:\Users\MohamedAmineRajayi\AppData\Local\Programs\MiKTeX\tex/latex/geometry\g
eometry.sty
(C:\Users\MohamedAmineRajayi\AppData\Local\Programs\MiKTeX\tex/generic/iftex\if
vtex.sty
(C:\Users\MohamedAmineRajayi\AppData\Local\Programs\MiKTeX\tex/generic/iftex\if
tex.sty))
(C:\Users\MohamedAmineRajayi\AppData\Local\Programs\MiKTeX\tex/latex/geometry\g
eometry.cfg))
(C:\Users\MohamedAmineRajayi\AppData\Local\Programs\MiKTeX\tex/latex/tools\arra
y.sty)
(C:\Users\MohamedAmineRajayi\AppData\Local\Programs\MiKTeX\tex/latex/setspace\s
etspace.sty)
(C:\Users\MohamedAmineRajayi\AppData\Local\Programs\MiKTeX\tex/latex/hyperref\h
yperref.sty
(C:\Users\MohamedAmineRajayi\AppData\Local\Programs\MiKTeX\tex/latex/kvsetkeys\
kvsetkeys.sty)
(C:\Users\MohamedAmineRajayi\AppData\Local\Programs\MiKTeX\tex/generic/kvdefine
keys\kvdefinekeys.sty)
(C:\Users\MohamedAmineRajayi\AppData\Local\Programs\MiKTeX\tex/generic/pdfescap
e\pdfescape.sty
(C:\Users\MohamedAmineRajayi\AppData\Local\Programs\MiKTeX\tex/generic/ltxcmds\
ltxcmds.sty)
(C:\Users\MohamedAmineRajayi\AppData\Local\Programs\MiKTeX\tex/generic/pdftexcm
ds\pdftexcmds.sty
(C:\Users\MohamedAmineRajayi\AppData\Local\Programs\MiKTeX\tex/generic/infwarer
r\infwarerr.sty)))
(C:\Users\MohamedAmineRajayi\AppData\Local\Programs\MiKTeX\tex/latex/hycolor\hy
color.sty)
(C:\Users\MohamedAmineRajayi\AppData\Local\Programs\MiKTeX\tex/latex/hyperref\n
ameref.sty
(C:\Users\MohamedAmineRajayi\AppData\Local\Programs\MiKTeX\tex/latex/refcount\r
efcount.sty)
(C:\Users\MohamedAmineRajayi\AppData\Local\Programs\MiKTeX\tex/generic/gettitle
string\gettitlestring.sty
(C:\Users\MohamedAmineRajayi\AppData\Local\Programs\MiKTeX\tex/latex/kvoptions\
kvoptions.sty)))
(C:\Users\MohamedAmineRajayi\AppData\Local\Programs\MiKTeX\tex/latex/etoolbox\e
toolbox.sty)
(C:\Users\MohamedAmineRajayi\AppData\Local\Programs\MiKTeX\tex/generic/stringen
c\stringenc.sty)
(C:\Users\MohamedAmineRajayi\AppData\Local\Programs\MiKTeX\tex/latex/hyperref\p
d1enc.def)
(C:\Users\MohamedAmineRajayi\AppData\Local\Programs\MiKTeX\tex/generic/intcalc\
intcalc.sty)
(C:\Users\MohamedAmineRajayi\AppData\Local\Programs\MiKTeX\tex/latex/hyperref\p
uenc.def)
(C:\Users\MohamedAmineRajayi\AppData\Local\Programs\MiKTeX\tex/latex/url\url.st
y)
(C:\Users\MohamedAmineRajayi\AppData\Local\Programs\MiKTeX\tex/generic/bitset\b
itset.sty
(C:\Users\MohamedAmineRajayi\AppData\Local\Programs\MiKTeX\tex/generic/bigintca
lc\bigintcalc.sty)))
(C:\Users\MohamedAmineRajayi\AppData\Local\Programs\MiKTeX\tex/latex/hyperref\h
pdftex.def
(C:\Users\MohamedAmineRajayi\AppData\Local\Programs\MiKTeX\tex/latex/rerunfilec
heck\rerunfilecheck.sty
(C:\Users\MohamedAmineRajayi\AppData\Local\Programs\MiKTeX\tex/generic/uniqueco
unter\uniquecounter.sty)))
(C:\Users\MohamedAmineRajayi\AppData\Local\Programs\MiKTeX\tex/latex/enumitem\e
numitem.sty)
(C:\Users\MohamedAmineRajayi\AppData\Local\Programs\MiKTeX\tex/latex/xcolor\xco
lor.sty
(C:\Users\MohamedAmineRajayi\AppData\Local\Programs\MiKTeX\tex/latex/graphics-c
fg\color.cfg)
(C:\Users\MohamedAmineRajayi\AppData\Local\Programs\MiKTeX\tex/latex/graphics\m
athcolor.ltx))
(C:\Users\MohamedAmineRajayi\AppData\Local\Programs\MiKTeX\tex/latex/xcolor\svg
nam.def)
(C:\Users\MohamedAmineRajayi\AppData\Local\Programs\MiKTeX\tex/latex/lm\t1lmr.f
d)
(C:\Users\MohamedAmineRajayi\AppData\Local\Programs\MiKTeX\tex/latex/l3backend\
l3backend-pdftex.def) (main.aux)
(C:\Users\MohamedAmineRajayi\AppData\Local\Programs\MiKTeX\tex/context/base/mki
i\supp-pdf.mkii
[Loading MPS to PDF converter (version 2006.09.02).]
)
(C:\Users\MohamedAmineRajayi\AppData\Local\Programs\MiKTeX\tex/latex/epstopdf-p
kg\epstopdf-base.sty
(C:\Users\MohamedAmineRajayi\AppData\Local\Programs\MiKTeX\tex/latex/00miktex\e
pstopdf-sys.cfg))
*geometry* driver: auto-detecting
*geometry* detected driver: pdftex
(main.out) (main.out)
(C:\Users\MohamedAmineRajayi\AppData\Local\Programs\MiKTeX\tex/latex/lm\ot1lmr.
fd)
(C:\Users\MohamedAmineRajayi\AppData\Local\Programs\MiKTeX\tex/latex/lm\omllmm.
fd)
(C:\Users\MohamedAmineRajayi\AppData\Local\Programs\MiKTeX\tex/latex/lm\omslmsy
.fd)
(C:\Users\MohamedAmineRajayi\AppData\Local\Programs\MiKTeX\tex/latex/lm\omxlmex
.fd) [1{C:/Users/MohamedAmineRajayi/AppData/Local/MiKTeX/fonts/map/pdftex/pdfte
x.map}{C:/Users/MohamedAmineRajayi/AppData/Local/Programs/MiKTeX/fonts/enc/dvip
s/lm/lm-ec.enc} <./figures/Logo_INPT.png> <./figures/viseo-logo.png> <./figures
/ZLAFA.png>] [1] [2] [3] [4] [5] [6] [7{C:/Users/MohamedAmineRajayi/AppData/Loc
al/Programs/MiKTeX/fonts/enc/dvips/lm/lm-mathsy.enc}] [8] (main.lof) [9]
(main.lot) [10] [1]
Chapitre 1.

Overfull \hbox (14.09651pt too wide) in paragraph at lines 324--325
[][][][][][][] 

Overfull \hbox (14.09651pt too wide) in paragraph at lines 329--330
[][][][][][][] 
[2]
Overfull \hbox (6.79999pt too wide) in paragraph at lines 377--378
 [] 

(C:\Users\MohamedAmineRajayi\AppData\Local\Programs\MiKTeX\tex/latex/lm\ts1lmr.
fd) [3{C:/Users/MohamedAmineRajayi/AppData/Local/Programs/MiKTeX/fonts/enc/dvip
s/lm/lm-ts1.enc}] [4] [5] [6]
Chapitre 2.

Overfull \hbox (14.09651pt too wide) in paragraph at lines 543--544
[][][][][][][] 

Overfull \hbox (6.79999pt too wide) in paragraph at lines 575--578
 [] 
[7]
Overfull \hbox (6.79999pt too wide) in paragraph at lines 617--620
 [] 
[8]
Overfull \hbox (6.79999pt too wide) in paragraph at lines 667--670
 [] 
[9] [10]
Overfull \hbox (6.79999pt too wide) in paragraph at lines 731--734
 [] 
[11]
Overfull \hbox (11.10072pt too wide) in paragraph at lines 760--761
[]\T1/lmr/bx/n/12 StratÚgie d'ap-pro-vi-sion-ne-ment \T1/lmr/m/n/12 : Conso-li-
da-tion des com-mandes, nÚ-go-cia-tion des contrats
[12] [13]

LaTeX Warning: Command \' invalid in math mode on input line 868.


LaTeX Warning: Command \' invalid in math mode on input line 868.


! LaTeX Error: Command \end{itemize} invalid in math mode.

See the LaTeX manual or LaTeX Companion for explanation.
Type  H <return>  for immediate help.
 ...                                              
                                                  
l.869 \end{itemize}
                   
! Missing $ inserted.
<inserted text> 
                $
l.869 \end{itemize}
                   

Overfull \hbox (4.62474pt too wide) in paragraph at lines 868--869
[]\T1/lmr/m/n/12 Fournit des mÚ-ta-don-nÚes ($\OML/lmm/m/it/12 metadata\OT1/lmr
/m/n/12 )\OML/lmm/m/it/12 pouruned\OT1/lmr/m/n/12 Ú\OML/lmm/m/it/12 couvertedyn
amiquedesdonn\OT1/lmr/m/n/12 Ú\OML/lmm/m/it/12 esdisponibles

Underfull \hbox (badness 10000) in paragraph at lines 868--869

[14{C:/Users/MohamedAmineRajayi/AppData/Local/Programs/MiKTeX/fonts/enc/dvips/l
m/lm-mathit.enc}{C:/Users/MohamedAmineRajayi/AppData/Local/Programs/MiKTeX/font
s/enc/dvips/lm/lm-rm.enc}] [15]
Chapitre 3.
[16]
Chapitre 4.
[17]
Chapitre 5.
[18] [19] [20] [21] (main.aux) )
(see the transcript file for additional information)<C:/Users/MohamedAmineRajay
i/AppData/Local/Programs/MiKTeX/fonts/type1/public/lm/lmbx12.pfb><C:/Users/Moha
medAmineRajayi/AppData/Local/Programs/MiKTeX/fonts/type1/public/lm/lmmi12.pfb><
C:/Users/MohamedAmineRajayi/AppData/Local/Programs/MiKTeX/fonts/type1/public/lm
/lmr10.pfb><C:/Users/MohamedAmineRajayi/AppData/Local/Programs/MiKTeX/fonts/typ
e1/public/lm/lmr12.pfb><C:/Users/MohamedAmineRajayi/AppData/Local/Programs/MiKT
eX/fonts/type1/public/lm/lmr17.pfb><C:/Users/MohamedAmineRajayi/AppData/Local/P
rograms/MiKTeX/fonts/type1/public/lm/lmri10.pfb><C:/Users/MohamedAmineRajayi/Ap
pData/Local/Programs/MiKTeX/fonts/type1/public/lm/lmri12.pfb><C:/Users/MohamedA
mineRajayi/AppData/Local/Programs/MiKTeX/fonts/type1/public/lm/lmsy10.pfb>
Output written on main.pdf (32 pages, 573942 bytes).
Transcript written on main.log.
